error: unreachable expression
  --> $DIR/expr_add.rs:26:13
   |
26 |     let x = Foo + return; //~ ERROR unreachable
   |             ^^^^^^^^^^^^
   |
note: lint level defined here
  --> $DIR/expr_add.rs:12:9
   |
12 | #![deny(unreachable_code)]
   |         ^^^^^^^^^^^^^^^^

error: aborting due to previous error

