error: unreachable expression
  --> $DIR/expr_type.rs:19:13
   |
19 |     let x = {return}: !; //~ ERROR unreachable
   |             ^^^^^^^^^^^
   |
note: lint level defined here
  --> $DIR/expr_type.rs:14:9
   |
14 | #![deny(unreachable_code)]
   |         ^^^^^^^^^^^^^^^^

error: aborting due to previous error

