error: unreachable expression
  --> $DIR/expr_match.rs:19:5
   |
19 |     match {return} { } //~ ERROR unreachable
   |     ^^^^^^^^^^^^^^^^^^
   |
note: lint level defined here
  --> $DIR/expr_match.rs:14:9
   |
14 | #![deny(unreachable_code)]
   |         ^^^^^^^^^^^^^^^^

error: unreachable statement
  --> $DIR/expr_match.rs:24:5
   |
24 |     println!("I am dead");
   |     ^^^^^^^^^^^^^^^^^^^^^^
   |
   = note: this error originates in a macro outside of the current crate (in Nightly builds, run with -Z external-macro-backtrace for more info)

error: unreachable statement
  --> $DIR/expr_match.rs:34:5
   |
34 |     println!("I am dead");
   |     ^^^^^^^^^^^^^^^^^^^^^^
   |
   = note: this error originates in a macro outside of the current crate (in Nightly builds, run with -Z external-macro-backtrace for more info)

error: aborting due to 3 previous errors

